
==================================================
DATE: 2026-07-29T16:14:03.061Z
FROM: booking.poojatravel@gmail.com
TO: customer@example.com
CC: booking.poojatravel@gmail.com
SUBJECT: Booking Confirmation - Ticket #PJ-999 - Pooja Tours & Travels

--------------------------------------------------
POOJA TOURS & TRAVELS - BOOKING CONFIRMATION RECEIPT
--------------------------------------------------
Ticket ID:      #PJ-999
Route:          Pune to Mumbai
Vehicle Type:   Maruti Suzuki WagonR (Hatchback)
Travel Date:    2026-07-30
Pickup Time:    08:00 AM
Pickup Address: Swargate, Pune
Total Amount:   ₹2500

PASSENGER DETAILS:
1. John Doe (Age: 30, Gender: Male)

CONTACT INFORMATION:
Primary Phone:  9876543210
Customer Email: customer@example.com
Special Notes:  Need a clean car.

Thank you for choosing Pooja Tours & Travels!
The owner will contact you shortly to coordinate your pickup details.
--------------------------------------------------
==================================================

==================================================
DATE: 2026-07-29T16:16:48.475Z
FROM: booking.poojatravel@gmail.com
TO: customer@example.com
CC: booking.poojatravel@gmail.com
SUBJECT: Booking Confirmation - Ticket #PJ-999 - Pooja Tours & Travels

--------------------------------------------------
POOJA TOURS & TRAVELS - BOOKING CONFIRMATION RECEIPT
--------------------------------------------------
Ticket ID:      #PJ-999
Route:          Pune to Mumbai
Vehicle Type:   Maruti Suzuki WagonR (Hatchback)
Travel Date:    2026-07-30
Pickup Time:    08:00 AM
Pickup Address: Swargate, Pune
Total Amount:   ₹2500

PASSENGER DETAILS:
1. John Doe (Age: 30, Gender: Male)

CONTACT INFORMATION:
Primary Phone:  9876543210
Customer Email: customer@example.com
Special Notes:  Need a clean car.

Thank you for choosing Pooja Tours & Travels!
The owner will contact you shortly to coordinate your pickup details.
--------------------------------------------------
==================================================

==================================================
DATE: 2026-07-29T16:17:08.078Z
FROM: booking.poojatravel@gmail.com
TO: booking.poojatravel@gmail.com
CC: booking.poojatravel@gmail.com
SUBJECT: Booking Confirmation - Ticket #PJ-9 - Pooja Tours & Travels

--------------------------------------------------
POOJA TOURS & TRAVELS - BOOKING CONFIRMATION RECEIPT
--------------------------------------------------
Ticket ID:      #PJ-9
Route:          Pune to Mumbai
Vehicle Type:   Suzuki Swift (Hatchback)
Travel Date:    2026-07-29
Pickup Time:    10:00 AM
Pickup Address: Pune Station
Total Amount:   ₹2500.00

PASSENGER DETAILS:
1. Ajay Bhandari (Age: 35, Gender: Male)

CONTACT INFORMATION:
Primary Phone:  9623324139
Customer Email: booking.poojatravel@gmail.com
Special Notes:  Owner self-booking test

Thank you for choosing Pooja Tours & Travels!
The owner will contact you shortly to coordinate your pickup details.
--------------------------------------------------
==================================================

==================================================
DATE: 2026-07-29T16:17:39.085Z
FROM: booking.poojatravel@gmail.com
TO: customer@example.com
CC: booking.poojatravel@gmail.com
SUBJECT: Booking Confirmation - Ticket #PJ-999 - Pooja Tours & Travels

--------------------------------------------------
POOJA TOURS & TRAVELS - BOOKING CONFIRMATION RECEIPT
--------------------------------------------------
Ticket ID:      #PJ-999
Route:          Pune to Mumbai
Vehicle Type:   Maruti Suzuki WagonR (Hatchback)
Travel Date:    2026-07-30
Pickup Time:    08:00 AM
Pickup Address: Swargate, Pune
Total Amount:   ₹2500

PASSENGER DETAILS:
1. John Doe (Age: 30, Gender: Male)

CONTACT INFORMATION:
Primary Phone:  9876543210
Customer Email: customer@example.com
Special Notes:  Need a clean car.

Thank you for choosing Pooja Tours & Travels!
The owner will contact you shortly to coordinate your pickup details.
--------------------------------------------------
==================================================

==================================================
DATE: 2026-07-29T16:49:09.562Z
FROM: booking.poojatravel@gmail.com
TO: booking.poojatravel@gmail.com
CC: booking.poojatravel@gmail.com
SUBJECT: Booking Confirmation - Ticket #PJ-1 - Pooja Tours & Travels

--------------------------------------------------
POOJA TOURS & TRAVELS - BOOKING CONFIRMATION RECEIPT
--------------------------------------------------
Ticket ID:      #PJ-1
Route:          Pune to Mumbai
Vehicle Type:   Maruti Suzuki WagonR (Hatchback)
Travel Date:    2026-07-29
Pickup Time:    10:00 AM
Pickup Address: Pune Station
Total Amount:   ₹2500.00

PASSENGER DETAILS:
1. Ajay Bhandari (Age: 35, Gender: Male)

CONTACT INFORMATION:
Primary Phone:  9623324139
Customer Email: booking.poojatravel@gmail.com
Special Notes:  Owner self-booking test

Thank you for choosing Pooja Tours & Travels!
The owner will contact you shortly to coordinate your pickup details.
--------------------------------------------------
==================================================
